[pro.eslgaming.com/tour/cs/cologne/index.html]
[backblue.gif]
[fade.gif]
[index.html]
[eslpro.imgix.net/tour/wp-content/uploads/2023/12/ept-cs2-iem-cologne-2024.jpg]
[pro.eslgaming.com/tour/wp-content/themes/hello-elementor/theme.min6e0e.css]
[pro.eslgaming.com/tour/wp-content/plugins/jet-menu/integration/themes/hello-elementor/assets/css/styleb2da.css]
[pro.eslgaming.com/tour/wp-content/plugins/jet-engine/assets/css/frontende485.css]
[pro.eslgaming.com/tour/wp-content/plugins/translatepress-multilingual/assets/css/trp-language-switchereed8.css]
[pro.eslgaming.com/tour/wp-content/themes/hello-elementor/style.min6e0e.css]
[pro.eslgaming.com/tour/wp-content/themes/hello-elementor/header-footer.min6e0e.css]
[pro.eslgaming.com/tour/wp-content/plugins/jet-menu/assets/public/lib/font-awesome/css/all.minb683.css]
[pro.eslgaming.com/tour/wp-content/plugins/jet-menu/assets/public/lib/font-awesome/css/v4-shims.minb683.css]
[pro.eslgaming.com/tour/wp-content/plugins/jet-menu/assets/public/css/publicb2da.css]
[pro.eslgaming.com/tour/wp-content/uploads/elementor/css/custom-jet-blocksd36b.css]
[pro.eslgaming.com/tour/wp-content/plugins/jet-elements/assets/css/jet-elements9450.css]
[pro.eslgaming.com/tour/wp-content/plugins/jet-elements/assets/css/jet-elements-skin9450.css]
[pro.eslgaming.com/tour/wp-content/plugins/elementor/assets/lib/eicons/css/elementor-icons.mind54b.css]
[pro.eslgaming.com/tour/wp-content/plugins/elementor/assets/css/frontend.mince54.css]
[eslpro.imgix.net/tour/wp-content/uploads/2022/01/iem-header-planet2.1ec85.jpg]
[eslpro.imgix.net/tour/wp-content/uploads/2023/09/IEM-CGN-intro-bgec85.jpg]
[eslpro.imgix.net/tour/wp-content/uploads/2024/06/IEM-CGN2024-ticket-refund-bgec85.jpg]
[eslpro.imgix.net/tour/wp-content/uploads/2021/12/iem-mood-bg-cristal-test1.2ec85.jpg]
[eslpro.imgix.net/tour/wp-content/uploads/2021/12/iem-mood-bg-cristal-test1.1ec85.jpg]
[eslpro.imgix.net/tour/wp-content/uploads/2023/11/This-is-IEM-Cologne-2-10ec85.jpg]
[eslpro.imgix.net/tour/wp-content/uploads/2022/09/20220717_Adela-Sznajder_IEM-CGN_08222ec85.jpg]
[eslpro.imgix.net/tour/wp-content/uploads/2021/09/igs-background-imageec85.jpg]
[pro.eslgaming.com/tour/wp-content/plugins/elementor/assets/lib/swiper/css/swiper.min48f5.css]
[pro.eslgaming.com/tour/cs/cologne/index2243.html]
[pro.eslgaming.com/tour/wp-content/plugins/powerpack-elements/assets/css/min/frontend.minb62b.css]
[pro.eslgaming.com/tour/wp-content/plugins/elementor-pro/assets/css/frontend.mince54.css]
[pro.eslgaming.com/tour/wp-content/plugins/jet-blog/assets/css/jet-blog9254.css]
[pro.eslgaming.com/tour/wp-content/plugins/jet-tabs/assets/css/jet-tabs-frontend77e6.css]
[pro.eslgaming.com/tour/wp-content/plugins/jet-tricks/assets/css/jet-tricks-frontendb493.css]
[pro.eslgaming.com/tour/wp-content/plugins/elementor/assets/lib/font-awesome/css/all.mince54.css]
[pro.eslgaming.com/tour/wp-content/plugins/elementor/assets/lib/font-awesome/css/v4-shims.mince54.css]
[pro.eslgaming.com/tour/wp-content/plugins/eslpro/public/css/min/eslpro3b15.css]
[pro.eslgaming.com/tour/wp-includes/js/jquery/jquery.minf43b.js]
[pro.eslgaming.com/tour/wp-includes/js/jquery/jquery-migrate.min5589.js]
[pro.eslgaming.com/tour/wp-content/plugins/elementor/assets/lib/font-awesome/js/v4-shims.mince54.js]
[eslpro.imgix.net/tour/wp-content/uploads/2019/08/cropped-ESL-fav-icon-POS-512x5121b69.png]
[eslpro.imgix.net/tour/wp-content/uploads/2019/08/cropped-ESL-fav-icon-POS-512x512e932.png]
[eslpro.imgix.net/tour/wp-content/uploads/2019/08/cropped-ESL-fav-icon-POS-512x512c58e.png]
[app.usercentrics.eu/browser-ui/latest/loader.js]
[eslpro.imgix.net/tour/wp-content/uploads/2021/12/IEM-Logo-on-Black_Horizontal_RGB50ae.png]
[eslpro.imgix.net/tour/wp-content/uploads/2024/01/Sell-out50ae.png]
[eslpro.imgix.net/tour/wp-content/uploads/2022/11/IEM-Logo-on-Black_Horizontal_RGB2a93.png]
[eslpro.imgix.net/tour/wp-content/uploads/2021/12/IEM-Logo-on-Black_Horizontal_RGB2a93.png]
[eslpro.imgix.net/tour/wp-content/uploads/2023/10/1-1ec85.jpg]
[eslpro.imgix.net/tour/wp-content/uploads/2023/10/1-178a5.jpg]
[eslpro.imgix.net/tour/wp-content/uploads/2023/10/2ec85.jpg]
[eslpro.imgix.net/tour/wp-content/uploads/2023/10/278a5.jpg]
[eslpro.imgix.net/tour/wp-content/uploads/2023/10/3ec85.jpg]
[eslpro.imgix.net/tour/wp-content/uploads/2023/10/378a5.jpg]
[eslpro.imgix.net/tour/wp-content/uploads/2023/10/4ec85.jpg]
[eslpro.imgix.net/tour/wp-content/uploads/2023/10/478a5.jpg]
[eslpro.imgix.net/tour/wp-content/uploads/2023/10/20230806_Adela-Sznajder_IEM-Cologne_16123ec85.jpg]
[eslpro.imgix.net/tour/wp-content/uploads/2023/10/20230806_Adela-Sznajder_IEM-Cologne_1612378a5.jpg]
[eslpro.imgix.net/tour/wp-content/uploads/2023/10/5ec85.jpg]
[eslpro.imgix.net/tour/wp-content/uploads/2023/10/578a5.jpg]
[eslpro.imgix.net/tour/wp-content/uploads/2023/10/20230806_Adela-Sznajder_IEM-Cologne_13111ec85.jpg]
[eslpro.imgix.net/tour/wp-content/uploads/2023/10/20230806_Adela-Sznajder_IEM-Cologne_1311178a5.jpg]
[eslpro.imgix.net/tour/wp-content/uploads/2023/10/20230806_Adam-Lakomy_IEM-Cologne_00873ec85.jpg]
[eslpro.imgix.net/tour/wp-content/uploads/2023/10/20230806_Adam-Lakomy_IEM-Cologne_0087378a5.jpg]
[eslpro.imgix.net/tour/wp-content/uploads/2023/10/20220716_Helena-Kristiansson_IEM-Cologne_04284ec85.jpg]
[eslpro.imgix.net/tour/wp-content/uploads/2023/10/20220716_Helena-Kristiansson_IEM-Cologne_0428478a5.jpg]
[eslpro.imgix.net/tour/wp-content/uploads/2023/10/20230806_Adela-Sznajder_IEM-Cologne_13631-Enhanced-NRec85.jpg]
[eslpro.imgix.net/tour/wp-content/uploads/2023/10/20230806_Adela-Sznajder_IEM-Cologne_13631-Enhanced-NR78a5.jpg]
[eslpro.imgix.net/tour/wp-content/uploads/2023/10/20220716_Adela-Sznajder_IEM-CGN_04055ec85.jpg]
[eslpro.imgix.net/tour/wp-content/uploads/2023/10/20220716_Adela-Sznajder_IEM-CGN_0405578a5.jpg]
[eslpro.imgix.net/tour/wp-content/uploads/2023/10/20230806_Adela-Sznajder_IEM-Cologne_14240-Enhanced-NRec85.jpg]
[eslpro.imgix.net/tour/wp-content/uploads/2023/10/20230806_Adela-Sznajder_IEM-Cologne_14240-Enhanced-NR78a5.jpg]
[eslpro.imgix.net/tour/wp-content/uploads/2023/10/20230805_Adela-Sznajder_IEM-Cologne_12205-Enhanced-NRec85.jpg]
[eslpro.imgix.net/tour/wp-content/uploads/2023/10/20230805_Adela-Sznajder_IEM-Cologne_12205-Enhanced-NR78a5.jpg]
[eslpro.imgix.net/tour/wp-content/uploads/2023/10/20230806_Adela-Sznajder_IEM-Cologne_14544ec85.jpg]
[eslpro.imgix.net/tour/wp-content/uploads/2023/10/20230806_Adela-Sznajder_IEM-Cologne_1454478a5.jpg]
[eslpro.imgix.net/tour/wp-content/uploads/2023/10/20230806_Helena-Kristiansson_IEM-Cologne_18350ec85.jpg]
[eslpro.imgix.net/tour/wp-content/uploads/2023/10/20230806_Helena-Kristiansson_IEM-Cologne_1835078a5.jpg]
[eslpro.imgix.net/tour/wp-content/uploads/2023/11/IEM-Venue-V1-WHITE-2ec85.png]
[eslpro.imgix.net/tour/wp-content/uploads/2023/11/IEM-Venue-V1-WHITE-250ae.png]
[eslpro.imgix.net/tour/wp-content/uploads/2024/06/IEM-CGN-2024-ticket-preview.png2a93.png]
[eslpro.imgix.net/tour/wp-content/uploads/2024/06/ESL-logo2a93.png]
[eslpro.imgix.net/tour/wp-content/uploads/2024/06/ticketswap-logo7849.png]
[eslpro.imgix.net/tour/wp-content/uploads/2022/09/alternateattax2a93.png]
[eslpro.imgix.net/tour/wp-content/uploads/2022/09/heroic-red-outline2a93.png]
[eslpro.imgix.net/tour/wp-content/uploads/2023/10/Eternal-Fire2a93.png]
[eslpro.imgix.net/tour/wp-content/uploads/2022/09/Team-Falcons2a93.png]
[eslpro.imgix.net/tour/wp-content/uploads/2022/04/complexity2a93.png]
[eslpro.imgix.net/tour/wp-content/uploads/2024/01/Blanco2a93.png]
[eslpro.imgix.net/tour/wp-content/uploads/2023/05/The-MongolZ2a93.png]
[eslpro.imgix.net/tour/wp-content/uploads/2024/01/Flyquest2a93.png]
[eslpro.imgix.net/tour/wp-content/uploads/2023/11/team-liquid-22a93.png]
[eslpro.imgix.net/tour/wp-content/uploads/2023/05/Imperial-Sportsbet2a93.png]
[eslpro.imgix.net/tour/wp-content/uploads/2022/01/FURIA_300x3002a93.png]
[eslpro.imgix.net/tour/wp-content/uploads/2022/09/big2a93.png]
[eslpro.imgix.net/tour/wp-content/uploads/2022/09/BetBoom2a93.png]
[eslpro.imgix.net/tour/wp-content/uploads/2023/03/pain-gaming2a93.png]
[eslpro.imgix.net/tour/wp-content/uploads/2023/03/MIBR2a93.png]
[eslpro.imgix.net/tour/wp-content/uploads/2022/09/SAW2a93.png]
[eslpro.imgix.net/tour/wp-content/uploads/2023/06/team-spirit2a93.png]
[eslpro.imgix.net/tour/wp-content/uploads/2023/05/FaZe-Clan2a93.png]
[eslpro.imgix.net/tour/wp-content/uploads/2022/10/mouz2a93.png]
[eslpro.imgix.net/tour/wp-content/uploads/2021/11/G2-Esports-12a93.png]
[eslpro.imgix.net/tour/wp-content/uploads/2022/09/Team-Vitality2a93.png]
[eslpro.imgix.net/tour/wp-content/uploads/2021/10/navi2a93.png]
[eslpro.imgix.net/tour/wp-content/uploads/2023/04/astralis2a93.png]
[eslpro.imgix.net/tour/wp-content/uploads/2023/04/virtus.pro_2a93.png]
[eslpro.imgix.net/tour/wp-content/uploads/2023/04/team-unknown2a93.png]
[eslpro.imgix.net/tour/wp-content/uploads/2022/02/IEM-Katowice2022-playoff-teaser-2ec85.jpg]
[eslpro.imgix.net/tour/wp-content/uploads/2022/02/IEM-Katowice2022-playoff-teaser-3ec85.jpg]
[eslpro.imgix.net/tour/wp-content/uploads/2022/02/IEM-Katowice2022-playoff-teaser-6ec85.jpg]
[eslpro.imgix.net/tour/wp-content/uploads/2022/02/IEM-Katowice2022-playoff-teaser-7ec85.jpg]
[eslpro.imgix.net/tour/wp-content/uploads/2022/02/IEM-Katowice2022-playoff-teaser-8ec85.jpg]
[eslpro.imgix.net/tour/wp-content/uploads/2022/02/IEM-Katowice2022-playoff-teaser-16ec85.jpg]
[eslpro.imgix.net/tour/wp-content/uploads/2022/02/IEM-Katowice2022-playoff-teaser-17ec85.jpg]
[eslpro.imgix.net/tour/wp-content/uploads/2022/02/IEM-Katowice2022-playoff-teaser-19ec85.jpg]
[eslpro.imgix.net/tour/wp-content/uploads/2022/02/IEM-Katowice2022-playoff-teaser-20ec85.jpg]
[eslpro.imgix.net/tour/wp-content/uploads/2022/02/IEM-Katowice2022-tournament-teaser-1ec85.jpg]
[eslpro.imgix.net/tour/wp-content/uploads/2022/02/IEM-Katowice2022-tournament-teaser-3ec85.jpg]
[eslpro.imgix.net/tour/wp-content/uploads/2022/02/IEM-Katowice2022-tournament-teaser-5ec85.jpg]
[eslpro.imgix.net/tour/wp-content/uploads/2022/02/IEM-Winter2021-main-trailer-1ec85.jpg]
[eslpro.imgix.net/tour/wp-content/uploads/2022/02/IEM-Winter2021-main-trailer-6ec85.jpg]
[eslpro.imgix.net/tour/wp-content/uploads/2022/02/IEM-Winter2021-main-trailer-7ec85.jpg]
[eslpro.imgix.net/tour/wp-content/uploads/2022/02/IEM-Winter2021-main-trailer-8ec85.jpg]
[eslpro.imgix.net/tour/wp-content/uploads/2022/02/IEM-Winter2021-main-trailer-9ec85.jpg]
[eslpro.imgix.net/tour/wp-content/uploads/2022/02/IEM-Winter2021-main-trailer-10ec85.jpg]
[eslpro.imgix.net/tour/wp-content/uploads/2022/02/IEM-Winter2021-main-trailer-13ec85.jpg]
[eslpro.imgix.net/tour/wp-content/uploads/2022/02/IEM-Winter2021-main-trailer-16ec85.jpg]
[eslpro.imgix.net/tour/wp-content/uploads/2022/02/IEM-Winter2021-main-trailer-17ec85.jpg]
[eslpro.imgix.net/tour/wp-content/uploads/2022/02/IEM-Winter2021-main-trailer-18ec85.jpg]
[eslpro.imgix.net/tour/wp-content/uploads/2023/11/1-1ec85.jpg]
[eslpro.imgix.net/tour/wp-content/uploads/2023/11/2-1ec85.jpg]
[eslpro.imgix.net/tour/wp-content/uploads/2023/11/3-1ec85.jpg]
[eslpro.imgix.net/tour/wp-content/uploads/2023/11/4-1ec85.jpg]
[eslpro.imgix.net/tour/wp-content/uploads/2023/11/5-1ec85.jpg]
[eslpro.imgix.net/tour/wp-content/uploads/2023/11/6-1ec85.jpg]
[eslpro.imgix.net/tour/wp-content/uploads/2023/11/7-1ec85.jpg]
[eslpro.imgix.net/tour/wp-content/uploads/2023/11/8-1ec85.jpg]
[eslpro.imgix.net/tour/wp-content/uploads/2023/11/9-1ec85.jpg]
[eslpro.imgix.net/tour/wp-content/uploads/2023/11/10-1ec85.jpg]
[eslpro.imgix.net/tour/wp-content/uploads/2023/11/11-1ec85.jpg]
[eslpro.imgix.net/tour/wp-content/uploads/2023/11/12-1ec85.jpg]
[eslpro.imgix.net/tour/wp-content/uploads/2023/11/13-1ec85.jpg]
[eslpro.imgix.net/tour/wp-content/uploads/2023/11/14-1ec85.jpg]
[eslpro.imgix.net/tour/wp-content/uploads/2023/11/15-1ec85.jpg]
[eslpro.imgix.net/tour/wp-content/uploads/2023/11/16-1ec85.jpg]
[eslpro.imgix.net/tour/wp-content/uploads/2023/11/17-3ec85.jpg]
[eslpro.imgix.net/tour/wp-content/uploads/2023/11/18-1ec85.jpg]
[eslpro.imgix.net/tour/wp-content/uploads/2023/11/19-1ec85.jpg]
[eslpro.imgix.net/tour/wp-content/uploads/2023/11/20-1ec85.jpg]
[eslpro.imgix.net/tour/wp-content/uploads/2023/11/21-1ec85.jpg]
[eslpro.imgix.net/tour/wp-content/uploads/2023/11/22-1ec85.jpg]
[eslpro.imgix.net/tour/wp-content/uploads/2023/11/23-1ec85.jpg]
[eslpro.imgix.net/tour/wp-content/uploads/2023/11/24ec85.jpg]
[eslpro.imgix.net/tour/wp-content/uploads/2023/11/25-1ec85.jpg]
[eslpro.imgix.net/tour/wp-content/uploads/2023/11/26-1ec85.jpg]
[eslpro.imgix.net/tour/wp-content/uploads/2023/11/27ec85.jpg]
[eslpro.imgix.net/tour/wp-content/uploads/2023/11/28-1ec85.jpg]
[eslpro.imgix.net/tour/wp-content/uploads/2023/11/29-1ec85.jpg]
[eslpro.imgix.net/tour/wp-content/uploads/2023/11/30ec85.jpg]
[eslpro.imgix.net/tour/wp-content/uploads/2023/11/31-1ec85.jpg]
[eslpro.imgix.net/tour/wp-content/uploads/2023/11/32ec85.jpg]
[eslpro.imgix.net/tour/wp-content/uploads/2023/11/33-1ec85.jpg]
[eslpro.imgix.net/tour/wp-content/uploads/2023/11/34-1ec85.jpg]
[eslpro.imgix.net/tour/wp-content/uploads/2023/11/35-1ec85.jpg]
[eslpro.imgix.net/tour/wp-content/uploads/2023/11/36-1ec85.jpg]
[eslpro.imgix.net/tour/wp-content/uploads/2023/11/37-1ec85.jpg]
[eslpro.imgix.net/tour/wp-content/uploads/2023/11/38-1ec85.jpg]
[eslpro.imgix.net/tour/wp-content/uploads/2023/11/39-1ec85.jpg]
[eslpro.imgix.net/tour/wp-content/uploads/2023/11/40-1ec85.jpg]
[eslpro.imgix.net/tour/wp-content/uploads/2023/11/41-1ec85.jpg]
[eslpro.imgix.net/tour/wp-content/uploads/2023/11/42-1ec85.jpg]
[eslpro.imgix.net/tour/wp-content/uploads/2023/11/43-1ec85.jpg]
[eslpro.imgix.net/tour/wp-content/uploads/2023/11/44-1ec85.jpg]
[eslpro.imgix.net/tour/wp-content/uploads/2023/11/45-1ec85.jpg]
[eslpro.imgix.net/tour/wp-content/uploads/2023/11/46-1ec85.jpg]
[eslpro.imgix.net/tour/wp-content/uploads/2023/11/47-1ec85.jpg]
[eslpro.imgix.net/tour/wp-content/uploads/2023/11/48-1ec85.jpg]
[eslpro.imgix.net/tour/wp-content/uploads/2023/11/49-1ec85.jpg]
[eslpro.imgix.net/tour/wp-content/uploads/2023/11/50-1ec85.jpg]
[eslpro.imgix.net/tour/wp-content/uploads/2023/11/51-1ec85.jpg]
[eslpro.imgix.net/tour/wp-content/uploads/2023/11/52-1ec85.jpg]
[eslpro.imgix.net/tour/wp-content/uploads/2023/11/53-1ec85.jpg]
[eslpro.imgix.net/tour/wp-content/uploads/2023/11/54-1ec85.jpg]
[eslpro.imgix.net/tour/wp-content/uploads/2023/11/55-1ec85.jpg]
[eslpro.imgix.net/tour/wp-content/uploads/2021/08/official-partner-logo-acer-predatorec85.png]
[eslpro.imgix.net/tour/wp-content/uploads/2024/04/QiddiyaLogoPartnerec85.png]
[eslpro.imgix.net/tour/wp-content/uploads/2022/05/official-partner-monster-energy-outline2a93.png]
[eslpro.imgix.net/tour/wp-content/uploads/2022/05/official-partner-USAF-horizontalec85.png]
[eslpro.imgix.net/tour/wp-content/uploads/2022/11/official-partner-1xbet2a93.png]
[eslpro.imgix.net/tour/wp-content/uploads/2024/02/official-partner-white-market2a93.png]
[eslpro.imgix.net/tour/wp-content/uploads/2022/11/official-partner-logitech2a93.png]
[eslpro.imgix.net/tour/wp-content/uploads/2023/05/faceit-official-partner2a93.png]
[s3.amazonaws.com/downloads.mailchimp.com/js/mc-validate.js]
[eslpro.imgix.net/tour/wp-content/uploads/2024/01/partner-qiddiya_color-play-life2a93.png]
[eslpro.imgix.net/tour/wp-content/uploads/2021/08/official-partner-monster-energyec85.png]
[eslpro.imgix.net/tour/wp-content/uploads/2021/11/USAF_White_Transparentec85.png]
[eslpro.imgix.net/tour/wp-content/uploads/2022/11/official-partner-1xbetec85.png]
[eslpro.imgix.net/tour/wp-content/uploads/2024/02/official-partner-white-marketec85.png]
[eslpro.imgix.net/tour/wp-content/uploads/2022/11/official-partner-logitechec85.png]
[eslpro.imgix.net/tour/wp-content/uploads/2023/05/faceit-official-partnerec85.png]
[eslpro.imgix.net/tour/wp-content/uploads/2022/02/MM_21_Standard_Logo_RGBec85.png]
[eslpro.imgix.net/tour/wp-content/uploads/2022/07/Spotify_Logo_RGB_Greenec85.png]
[eslpro.imgix.net/tour/wp-content/uploads/2022/01/Legion-by-Lenovo-REV-white-12a93.png]
[pro.eslgaming.com/tour/wp-content/plugins/elementor/assets/lib/e-gallery/css/e-gallery.min7359.css]
[pro.eslgaming.com/tour/wp-content/plugins/elementor/assets/lib/animations/animations.mince54.css]
[ajax.googleapis.com/ajax/libs/jqueryui/1.11.4/jquery-ui.min75e4.js]
[ajax.googleapis.com/ajax/libs/angularjs/1.4.13/angular-sanitize.min75e4.js]
[ajax.googleapis.com/ajax/libs/angularjs/1.2.18/angular-route.min75e4.js]
[cdnjs.cloudflare.com/ajax/libs/lodash.js/2.4.1/lodash.min75e4.js]
[cdnjs.cloudflare.com/ajax/libs/angular.js/1.4.13/angular.min75e4.js]
[cdnjs.cloudflare.com/ajax/libs/restangular/1.3.1/restangular.min75e4.js]
[ajax.googleapis.com/ajax/libs/angularjs/1.3.1/angular-touch.min75e4.js]
[ajax.googleapis.com/ajax/libs/angularjs/1.4.13/angular-cookies.min75e4.js]
[ajax.googleapis.com/ajax/libs/angularjs/1.4.13/angular-animate.min75e4.js]
[pro.eslgaming.com/wp-content/plugins/eslpro/public/js/esltv/js/lib/angular-timer/dist/angular-timer.min3b15.js]
[pro.eslgaming.com/wp-content/plugins/eslpro/public/js/esltv/js/lib/angular-ngInfiniteScroll/build/ng-infinite-scroll.min3b15.js]
[pro.eslgaming.com/wp-content/plugins/eslpro/public/js/esltv/js/lib/angular-youtube-embed/dist/angular-youtube-embed.min3b15.js]
[pro.eslgaming.com/wp-content/plugins/eslpro/public/js/eslpro/js/bootstrap3b15.js]
[pro.eslgaming.com/tour/wp-includes/js/dist/vendor/wp-polyfill-inert.min0226.js]
[pro.eslgaming.com/tour/wp-includes/js/dist/vendor/regenerator-runtime.min6c85.js]
[pro.eslgaming.com/tour/wp-includes/js/dist/hooks.min2ebd.js]
[pro.eslgaming.com/wp-content/plugins/eslpro/public/js/esltv/js/lib/elasticsearch/elasticsearch.angular.min3b15.js]
[pro.eslgaming.com/tour/wp-content/plugins/jet-menu/assets/public/js/legacy/jet-menu-public-scriptsb2da.js]
[pro.eslgaming.com/tour/wp-includes/js/dist/vendor/wp-polyfill.min2c7c.js]
[pro.eslgaming.com/tour/wp-content/plugins/jet-menu/assets/public/lib/vue/vue.mina117.js]
[pro.eslgaming.com/tour/wp-content/plugins/page-links-to/dist/new-tabe485.js]
[pro.eslgaming.com/tour/wp-content/plugins/powerpack-elements/assets/js/min/frontend-advanced-menu.minb62b.js]
[pro.eslgaming.com/tour/wp-content/plugins/powerpack-elements/assets/lib/smartmenu/jquery.smartmenus.minc64e.js]
[pro.eslgaming.com/tour/wp-content/plugins/powerpack-elements/assets/lib/tooltipster/tooltipster.minb62b.js]
[pro.eslgaming.com/tour/wp-content/plugins/elementor/assets/lib/e-gallery/js/e-gallery.min7359.js]
[pro.eslgaming.com/tour/wp-content/plugins/powerpack-elements/assets/js/min/frontend.minb62b.js]
[pro.eslgaming.com/tour/wp-content/plugins/elementor-pro/assets/js/webpack-pro.runtime.mince54.js]
[pro.eslgaming.com/tour/wp-content/plugins/elementor/assets/js/webpack.runtime.mince54.js]
[pro.eslgaming.com/tour/wp-includes/js/dist/i18n.minf92f.js]
[pro.eslgaming.com/tour/wp-content/plugins/elementor-pro/assets/js/frontend.mince54.js]
[pro.eslgaming.com/tour/wp-content/plugins/elementor/assets/lib/waypoints/waypoints.min05da.js]
[pro.eslgaming.com/tour/wp-content/plugins/elementor/assets/js/frontend-modules.mince54.js]
[pro.eslgaming.com/tour/wp-includes/js/jquery/ui/core.min3f14.js]
[pro.eslgaming.com/tour/wp-content/plugins/elementor/assets/lib/share-link/share-link.mince54.js]
[pro.eslgaming.com/tour/wp-content/plugins/elementor/assets/lib/dialog/dialog.mind227.js]
[pro.eslgaming.com/tour/wp-content/plugins/elementor/assets/lib/swiper/swiper.min48f5.js]
[pro.eslgaming.com/tour/wp-content/plugins/elementor/assets/js/frontend.mince54.js]
[pro.eslgaming.com/tour/wp-content/plugins/elementor-pro/assets/js/preloaded-elements-handlers.mince54.js]
[pro.eslgaming.com/tour/wp-content/plugins/jet-blocks/assets/js/jet-blocks.mind36b.js]
[pro.eslgaming.com/tour/wp-content/plugins/jet-elements/assets/js/jet-elements.min9450.js]
[pro.eslgaming.com/tour/wp-content/plugins/jet-menu/includes/elementor/assets/public/js/legacy/widgets-scriptsb2da.js]
[pro.eslgaming.com/tour/wp-content/plugins/jet-tabs/assets/js/jet-tabs-frontend.min77e6.js]
[pro.eslgaming.com/tour/wp-content/plugins/jet-tricks/assets/js/lib/tippy/popperjs16b9.js]
[pro.eslgaming.com/tour/wp-content/plugins/jet-tricks/assets/js/lib/tippy/tippy-bundle9b30.js]
[pro.eslgaming.com/tour/wp-content/plugins/jet-tricks/assets/js/jet-tricks-frontendb493.js]
[pro.eslgaming.com/tour/wp-content/plugins/elementor/assets/js/preloaded-modules.mince54.js]
[pro.eslgaming.com/tour/wp-content/plugins/elementor-pro/assets/lib/sticky/jquery.sticky.mince54.js]
[pro.eslgaming.com/tour/wp-content/plugins/jet-blog/assets/js/jet-blog.min9254.js]
[pro.eslgaming.com/tour/cs/cologne/index.html]
[pro.eslgaming.com/tour/wp-content/themes/hello-elementor/theme.min6e0e.css]
[pro.eslgaming.com/tour/wp-content/plugins/jet-menu/integration/themes/hello-elementor/assets/css/styleb2da.css]
[pro.eslgaming.com/tour/wp-content/plugins/jet-engine/assets/css/frontende485.css]
[pro.eslgaming.com/tour/wp-content/plugins/translatepress-multilingual/assets/css/trp-language-switchereed8.css]
[pro.eslgaming.com/tour/wp-content/themes/hello-elementor/style.min6e0e.css]
[pro.eslgaming.com/tour/wp-content/themes/hello-elementor/header-footer.min6e0e.css]
[pro.eslgaming.com/tour/wp-content/plugins/jet-menu/assets/public/lib/font-awesome/css/all.minb683.css]
[pro.eslgaming.com/tour/wp-content/plugins/jet-menu/assets/public/lib/font-awesome/css/v4-shims.minb683.css]
[pro.eslgaming.com/tour/wp-content/plugins/jet-menu/assets/public/css/publicb2da.css]
[pro.eslgaming.com/tour/wp-content/uploads/elementor/css/custom-jet-blocksd36b.css]
[kit.fontawesome.com/5cd9d0f55ace54.js]
[pro.eslgaming.com/tour/wp-content/plugins/jet-elements/assets/images/dummy-map.png]
[pro.eslgaming.com/tour/wp-content/plugins/jet-elements/assets/css/jet-elements9450.css]
[pro.eslgaming.com/tour/wp-content/plugins/jet-elements/assets/css/jet-elements-skin9450.css]
[pro.eslgaming.com/tour/wp-content/plugins/elementor/assets/lib/eicons/css/elementor-icons.mind54b.css]
[pro.eslgaming.com/tour/wp-content/plugins/elementor/assets/css/frontend.mince54.css]
[pro.eslgaming.com/tour/cs/cologne/index2243.html]
[pro.eslgaming.com/tour/wp-content/plugins/elementor/assets/lib/swiper/css/swiper.min48f5.css]
[pro.eslgaming.com/tour/wp-content/plugins/powerpack-elements/assets/css/min/frontend.minb62b.css]
[pro.eslgaming.com/tour/wp-content/plugins/elementor-pro/assets/css/frontend.mince54.css]
[pro.eslgaming.com/tour/wp-content/plugins/jet-blog/assets/css/jet-blog9254.css]
[pro.eslgaming.com/tour/wp-content/plugins/jet-tabs/assets/css/jet-tabs-frontend77e6.css]
[pro.eslgaming.com/tour/wp-content/plugins/jet-tricks/assets/css/jet-tricks-frontendb493.css]
[pro.eslgaming.com/tour/wp-content/plugins/elementor/assets/lib/font-awesome/css/all.mince54.css]
[pro.eslgaming.com/tour/wp-content/plugins/elementor/assets/lib/font-awesome/css/v4-shims.mince54.css]
[pro.eslgaming.com/tour/wp-content/plugins/eslpro/public/css/min/eslpro3b15.css]
[www.googletagmanager.com/gtm5445.html]
[pro.eslgaming.com/tour/wp-content/plugins/elementor/assets/lib/e-gallery/css/e-gallery.min7359.css]
[pro.eslgaming.com/tour/wp-content/plugins/elementor/assets/lib/animations/animations.mince54.css]
